src/components/ui/badge.tsx(2,40): error TS2307: Cannot find module 'class-variance-authority' or its corresponding type declarations.
src/components/ui/badge.tsx(30,29): error TS2339: Property 'variant' does not exist on type 'BadgeProps'.
src/components/ui/button.tsx(3,40): error TS2307: Cannot find module 'class-variance-authority' or its corresponding type declarations.
src/components/ui/button.tsx(43,17): error TS2339: Property 'variant' does not exist on type 'ButtonProps'.
src/components/ui/button.tsx(43,26): error TS2339: Property 'size' does not exist on type 'ButtonProps'.
src/components/ui/label.tsx(3,40): error TS2307: Cannot find module 'class-variance-authority' or its corresponding type declarations.
src/components/ui/sheet.tsx(5,40): error TS2307: Cannot find module 'class-variance-authority' or its corresponding type declarations.
src/components/ui/sheet.tsx(59,6): error TS2339: Property 'side' does not exist on type 'SheetContentProps'.
src/pages/admin/CategoriesPage.tsx(126,49): error TS2322: Type '{ children: Element; variant: string; size: string; title: string; }' is not assignable to type 'IntrinsicAttributes & ButtonProps & RefAttributes<HTMLButtonElement>'.
  Property 'variant' does not exist on type 'IntrinsicAttributes & ButtonProps & RefAttributes<HTMLButtonElement>'.
src/pages/admin/CategoriesPage.tsx(130,45): error TS2322: Type '{ children: Element; variant: string; size: string; className: string; onClick: () => void; disabled: boolean; title: string; }' is not assignable to type 'IntrinsicAttributes & ButtonProps & RefAttributes<HTMLButtonElement>'.
  Property 'variant' does not exist on type 'IntrinsicAttributes & ButtonProps & RefAttributes<HTMLButtonElement>'.
src/pages/admin/OrdersPage.tsx(112,49): error TS2322: Type '{ children: Element; variant: string; size: string; onClick: () => void; }' is not assignable to type 'IntrinsicAttributes & ButtonProps & RefAttributes<HTMLButtonElement>'.
  Property 'variant' does not exist on type 'IntrinsicAttributes & ButtonProps & RefAttributes<HTMLButtonElement>'.
src/pages/admin/OrdersPage.tsx(125,29): error TS2322: Type '{ children: string; variant: string; size: string; onClick: () => void; disabled: boolean; }' is not assignable to type 'IntrinsicAttributes & ButtonProps & RefAttributes<HTMLButtonElement>'.
  Property 'variant' does not exist on type 'IntrinsicAttributes & ButtonProps & RefAttributes<HTMLButtonElement>'.
src/pages/admin/OrdersPage.tsx(126,29): error TS2322: Type '{ children: string; variant: string; size: string; onClick: () => void; disabled: boolean; }' is not assignable to type 'IntrinsicAttributes & ButtonProps & RefAttributes<HTMLButtonElement>'.
  Property 'variant' does not exist on type 'IntrinsicAttributes & ButtonProps & RefAttributes<HTMLButtonElement>'.
src/pages/admin/ProductsPage.tsx(119,48): error TS2322: Type '{ children: string; variant: string; }' is not assignable to type 'IntrinsicAttributes & BadgeProps'.
  Property 'variant' does not exist on type 'IntrinsicAttributes & BadgeProps'.
src/pages/admin/ProductsPage.tsx(124,49): error TS2322: Type '{ children: Element; variant: string; size: string; title: string; }' is not assignable to type 'IntrinsicAttributes & ButtonProps & RefAttributes<HTMLButtonElement>'.
  Property 'variant' does not exist on type 'IntrinsicAttributes & ButtonProps & RefAttributes<HTMLButtonElement>'.
src/pages/admin/ProductsPage.tsx(128,45): error TS2322: Type '{ children: Element; variant: string; size: string; className: string; onClick: () => void; }' is not assignable to type 'IntrinsicAttributes & ButtonProps & RefAttributes<HTMLButtonElement>'.
  Property 'variant' does not exist on type 'IntrinsicAttributes & ButtonProps & RefAttributes<HTMLButtonElement>'.
src/pages/admin/ProductsPage.tsx(151,25): error TS2322: Type '{ children: string; variant: string; size: string; onClick: () => void; disabled: boolean; }' is not assignable to type 'IntrinsicAttributes & ButtonProps & RefAttributes<HTMLButtonElement>'.
  Property 'variant' does not exist on type 'IntrinsicAttributes & ButtonProps & RefAttributes<HTMLButtonElement>'.
src/pages/admin/ProductsPage.tsx(159,25): error TS2322: Type '{ children: string; variant: string; size: string; onClick: () => void; disabled: boolean; }' is not assignable to type 'IntrinsicAttributes & ButtonProps & RefAttributes<HTMLButtonElement>'.
  Property 'variant' does not exist on type 'IntrinsicAttributes & ButtonProps & RefAttributes<HTMLButtonElement>'.
src/pages/admin/UsersPage.tsx(113,45): error TS2322: Type '{ children: ("ADMIN" | "CUSTOMER" | Element)[]; variant: string; className: string; }' is not assignable to type 'IntrinsicAttributes & BadgeProps'.
  Property 'variant' does not exist on type 'IntrinsicAttributes & BadgeProps'.
src/pages/admin/UsersPage.tsx(125,45): error TS2322: Type '{ children: string; variant: string; className: string; }' is not assignable to type 'IntrinsicAttributes & BadgeProps'.
  Property 'variant' does not exist on type 'IntrinsicAttributes & BadgeProps'.
src/pages/admin/UsersPage.tsx(137,57): error TS2322: Type '{ children: Element; variant: string; size: string; }' is not assignable to type 'IntrinsicAttributes & ButtonProps & RefAttributes<HTMLButtonElement>'.
  Property 'variant' does not exist on type 'IntrinsicAttributes & ButtonProps & RefAttributes<HTMLButtonElement>'.
src/pages/admin/UsersPage.tsx(182,25): error TS2322: Type '{ children: string; variant: string; size: string; onClick: () => void; disabled: boolean; }' is not assignable to type 'IntrinsicAttributes & ButtonProps & RefAttributes<HTMLButtonElement>'.
  Property 'variant' does not exist on type 'IntrinsicAttributes & ButtonProps & RefAttributes<HTMLButtonElement>'.
src/pages/admin/UsersPage.tsx(193,25): error TS2322: Type '{ children: string; variant: string; size: string; onClick: () => void; disabled: boolean; }' is not assignable to type 'IntrinsicAttributes & ButtonProps & RefAttributes<HTMLButtonElement>'.
  Property 'variant' does not exist on type 'IntrinsicAttributes & ButtonProps & RefAttributes<HTMLButtonElement>'.
src/pages/checkout/CheckoutPage.tsx(2,30): error TS2307: Cannot find module '@/services/authService' or its corresponding type declarations.
